[    4.7s] raw rows=33,553,254 by type={'external': 11531299, 'link': 21241303, 'other': 780652}
[    4.9s] filtered rows=21,767,189 clicks=2,015,385,749
[    6.2s] thinning: sum(h)/sum(n) = 0.23335 (target 0.23333)
[   12.7s] catalog=3,281,519 hist rows=21,440,717 truth rows=21,767,189
[   13.7s] history built; max P_pop=2.31e-03 (so alpha*P_pop < 1 for alpha<=100)
[   13.8s] eligible sources (have truth) = 2,113,241; per bucket {'cold': 16745, 'tail': 1429816, 'torso': 588763, 'head': 77917}
[   13.9s] assert ok: train (115,521) and eval (57,760) query sets are disjoint
[   13.9s] eval queries: 57,760 {'cold': 5000, 'tail': 33830, 'torso': 13930, 'head': 5000}
[   13.9s] train_fit queries: 103,969 {'cold': 8956, 'tail': 60969, 'torso': 25078, 'head': 8966}
[   13.9s] val queries: 11,552 {'cold': 1044, 'tail': 6691, 'torso': 2783, 'head': 1034}
[   17.7s] B1 sweep (val):
shape: (25, 5)
┌───────┬───────┬──────────┬──────────┬──────────┐
│ min_h ┆ alpha ┆ ndcg     ┆ recall   ┆ hit      │
│ ---   ┆ ---   ┆ ---      ┆ ---      ┆ ---      │
│ i64   ┆ i64   ┆ f64      ┆ f64      ┆ f64      │
╞═══════╪═══════╪══════════╪══════════╪══════════╡
│ 1     ┆ 0     ┆ 0.973468 ┆ 0.865545 ┆ 0.992091 │
│ 1     ┆ 1     ┆ 0.973566 ┆ 0.865545 ┆ 0.992091 │
│ 1     ┆ 5     ┆ 0.973566 ┆ 0.865545 ┆ 0.992091 │
│ 1     ┆ 20    ┆ 0.973566 ┆ 0.865545 ┆ 0.992091 │
│ 1     ┆ 100   ┆ 0.973566 ┆ 0.865545 ┆ 0.992091 │
│ …     ┆ …     ┆ …        ┆ …        ┆ …        │
│ 10    ┆ 0     ┆ 0.324799 ┆ 0.163378 ┆ 0.471889 │
│ 10    ┆ 1     ┆ 0.324808 ┆ 0.163378 ┆ 0.471889 │
│ 10    ┆ 5     ┆ 0.324808 ┆ 0.163378 ┆ 0.471889 │
│ 10    ┆ 20    ┆ 0.324808 ┆ 0.163378 ┆ 0.471889 │
│ 10    ┆ 100   ┆ 0.324808 ┆ 0.163378 ┆ 0.471889 │
└───────┴───────┴──────────┴──────────┴──────────┘
best min_h=1 alpha=1
[   22.9s] assert ok: features built from history only (columns: ['b1_rank', 'h_ac', 'in_c', 'item', 'n_sources', 'out_a', 'out_c', 'p_c_given_a', 'pair_type', 'q', 'rev_h', 'twohop']); truth joined afterwards
[   23.3s] train candidates rows=6,017,139 pos rate=0.1742 candidate click-recall=0.9296
[   23.4s] subsampled train rows uniformly to 5,999,941
[   42.9s] HGB trained, iters=107
[   63.2s] HGB graded trained, iters=208
[   67.2s] eval candidate click-recall by bucket: {'head': 0.9293842012484854, 'cold': 0.29817756805286216, 'torso': 0.9915555219080153, 'tail': 0.9931851450808646}
[   73.7s] assert ok: B1 == B0 on 5,000 cold eval queries
[   74.1s] B0: {"overall": {"ndcg": 0.0071, "recall": 0.0021, "recall_w": 0.0012, "hit": 0.0528, "coverage": 0.0}, "cold": {"ndcg": 0.0014, "recall": 0.0014, "recall_w": 0.0014, "hit": 0.0014, "coverage": 0.0}, "tail": {"ndcg": 0.0012, "recall": 0.001, "recall_w": 0.0009, "hit": 0.0027, "coverage": 0.0}, "torso": {"ndcg": 0.0117, "recall": 0.0036, "recall_w": 0.0016, "hit": 0.0883, "coverage": 0.0}, "head": {"ndcg": 0.0813, "recall": 0.0116, "recall_w": 0.0036, "hit": 0.7154, "coverage": 0.0}}
[   74.1s] B1: {"overall": {"ndcg": 0.9737, "recall": 0.8643, "recall_w": 0.9255, "hit": 0.9921, "coverage": 0.0668}, "cold": {"ndcg": 0.0014, "recall": 0.0014, "recall_w": 0.0014, "hit": 0.0014, "coverage": 0.0}, "tail": {"ndcg": 0.9809, "recall": 0.9846, "recall_w": 0.9863, "hit": 1.0, "coverage": 0.0266}, "torso": {"ndcg": 0.9808, "recall": 0.6869, "recall_w": 0.8408, "hit": 1.0, "coverage": 0.0339}, "head": {"ndcg": 0.997, "recall": 0.184, "recall_w": 0.6489, "hit": 1.0, "coverage": 0.0135}}
[   74.1s] B1_raw: {"overall": {"ndcg": 0.9736, "recall": 0.8643, "recall_w": 0.9255, "hit": 0.9921, "coverage": 0.0671}, "cold": {"ndcg": 0.0014, "recall": 0.0014, "recall_w": 0.0014, "hit": 0.0014, "coverage": 0.0}, "tail": {"ndcg": 0.9809, "recall": 0.9846, "recall_w": 0.9863, "hit": 1.0, "coverage": 0.0266}, "torso": {"ndcg": 0.9806, "recall": 0.6869, "recall_w": 0.8406, "hit": 1.0, "coverage": 0.0341}, "head": {"ndcg": 0.997, "recall": 0.184, "recall_w": 0.6489, "hit": 1.0, "coverage": 0.0135}}
[   74.1s] Reranker: {"overall": {"ndcg": 0.9169, "recall": 0.8702, "recall_w": 0.859, "hit": 0.9944, "coverage": 0.1105}, "cold": {"ndcg": 0.2575, "recall": 0.2981, "recall_w": 0.2982, "hit": 0.2998, "coverage": 0.0027}, "tail": {"ndcg": 0.9767, "recall": 0.9896, "recall_w": 0.9905, "hit": 0.9999, "coverage": 0.0724}, "torso": {"ndcg": 0.8288, "recall": 0.6876, "recall_w": 0.6487, "hit": 1.0, "coverage": 0.0369}, "head": {"ndcg": 0.628, "recall": 0.184, "recall_w": 0.1558, "hit": 1.0, "coverage": 0.0125}}
[   74.1s] Reranker_graded: {"overall": {"ndcg": 0.9789, "recall": 0.8704, "recall_w": 0.9315, "hit": 0.9945, "coverage": 0.1092}, "cold": {"ndcg": 0.2578, "recall": 0.2981, "recall_w": 0.2982, "hit": 0.2998, "coverage": 0.0027}, "tail": {"ndcg": 0.9851, "recall": 0.9899, "recall_w": 0.9911, "hit": 1.0, "coverage": 0.0715}, "torso": {"ndcg": 0.9821, "recall": 0.6875, "recall_w": 0.8423, "hit": 1.0, "coverage": 0.0373}, "head": {"ndcg": 0.9967, "recall": 0.184, "recall_w": 0.6485, "hit": 1.0, "coverage": 0.0135}}
[   74.1s] Hybrid: {"overall": {"ndcg": 0.9757, "recall": 0.8667, "recall_w": 0.9279, "hit": 0.9945, "coverage": 0.0689}, "cold": {"ndcg": 0.2575, "recall": 0.2981, "recall_w": 0.2982, "hit": 0.2998, "coverage": 0.0027}, "tail": {"ndcg": 0.9809, "recall": 0.9846, "recall_w": 0.9863, "hit": 1.0, "coverage": 0.0266}, "torso": {"ndcg": 0.9808, "recall": 0.6869, "recall_w": 0.8408, "hit": 1.0, "coverage": 0.0339}, "head": {"ndcg": 0.997, "recall": 0.184, "recall_w": 0.6489, "hit": 1.0, "coverage": 0.0135}}
[   79.9s] bootstrap Reranker_graded - B1 (nDCG@10): {"overall": {"delta": 0.0052, "lo": 0.005, "hi": 0.0055, "rel": 0.0054, "rel_lo": 0.0051, "rel_hi": 0.0057}, "cold": {"delta": 0.2564, "lo": 0.2452, "hi": 0.2673, "rel": 183.1689}, "tail": {"delta": 0.0042, "lo": 0.0039, "hi": 0.0046, "rel": 0.0043}, "torso": {"delta": 0.0013, "lo": 0.0011, "hi": 0.0014, "rel": 0.0013}, "head": {"delta": -0.0003, "lo": -0.0004, "hi": -0.0003, "rel": -0.0003}}
[   80.3s] novel-pair slice queries {'torso': 3051, 'tail': 1815, 'head': 2426, 'cold': 5000}, click share 0.0024: {"B0": {"cold": 0.0014, "torso": 0.0097, "head": 0.0142, "tail": 0.0006, "all_queries_unweighted": 0.0058}, "B1": {"torso": 0.0005, "cold": 0.0014, "head": 0.0, "tail": 0.0002, "all_queries_unweighted": 0.0007}, "B1_raw": {"cold": 0.0014, "torso": 0.0005, "head": 0.0, "tail": 0.0002, "all_queries_unweighted": 0.0007}, "Reranker": {"head": 0.0, "torso": 0.0068, "tail": 0.131, "cold": 0.2575, "all_queries_unweighted": 0.1257}, "Reranker_graded": {"head": 0.0, "tail": 0.1338, "torso": 0.0067, "cold": 0.2578, "all_queries_unweighted": 0.1263}, "Hybrid": {"cold": 0.2575, "torso": 0.0005, "tail": 0.0002, "head": 0.0, "all_queries_unweighted": 0.1049}}
[   80.3s] bootstrap Reranker - B1 (nDCG@10): {"overall": {"delta": -0.0567, "lo": -0.0574, "hi": -0.0561, "rel": -0.0583, "rel_lo": -0.0589, "rel_hi": -0.0576}, "cold": {"delta": 0.2561, "lo": 0.2451, "hi": 0.2667, "rel": 182.8943}, "tail": {"delta": -0.0042, "lo": -0.0046, "hi": -0.0037, "rel": -0.0042}, "torso": {"delta": -0.152, "lo": -0.1539, "hi": -0.1499, "rel": -0.155}, "head": {"delta": -0.369, "lo": -0.372, "hi": -0.366, "rel": -0.3701}}
[   83.1s] permutation importance Reranker (nDCG@10 drop, 5000 eval queries, base 0.9161): {"base_ndcg": 0.9161, "h_ac": 0.5587, "p_c_given_a": 0.0533, "b1_rank": 0.0215, "in_c": 0.0006, "twohop": 0.0003, "n_sources": -0.0, "out_c": -0.0002, "out_a": -0.0097, "rev_h": -0.0105, "pair_type": -0.0172}
[   86.7s] permutation importance Reranker_graded (nDCG@10 drop, 5000 eval queries, base 0.9783): {"base_ndcg": 0.9783, "h_ac": 0.615, "b1_rank": 0.0068, "pair_type": 0.0045, "rev_h": 0.0033, "out_a": 0.0009, "out_c": 0.0008, "p_c_given_a": 0.0006, "n_sources": 0.0004, "twohop": 0.0003, "in_c": 0.0}
[   87.0s] worked example 'Mamohato_Bereng_Seeiso:
shape: (6, 5)
┌──────────────────────────┬──────┬─────┬─────┬─────┐
│ curr                     ┆ type ┆ n   ┆ h   ┆ t   │
│ ---                      ┆ ---  ┆ --- ┆ --- ┆ --- │
│ str                      ┆ i8   ┆ i64 ┆ i64 ┆ i64 │
╞══════════════════════════╪══════╪═════╪═════╪═════╡
│ Prince_Seeiso_of_Lesotho ┆ 0    ┆ 66  ┆ 15  ┆ 51  │
│ Moshoeshoe_II_of_Lesotho ┆ 0    ┆ 62  ┆ 13  ┆ 49  │
│ Letsie_III               ┆ 0    ┆ 51  ┆ 13  ┆ 38  │
│ Lesotho                  ┆ 0    ┆ 18  ┆ 6   ┆ 12  │
│ 'Masenate_Mohato_Seeiso  ┆ 0    ┆ 14  ┆ 3   ┆ 11  │
│ Mafeteng_District        ┆ 0    ┆ 13  ┆ 4   ┆ 9   │
└──────────────────────────┴──────┴─────┴─────┴─────┘
[   87.0s] wrote /Users/alex/dev/sandbox/labs/ml-riot-wiki-recommender-1/monkey-mode/metrics.json
